// Jest Snapshot v1, https://jestjs.io/docs/snapshot-testing

exports[`TerminalConsole Component (Simple Premium Progress Card) matches HTML snapshot structure 1`] = `
<DocumentFragment>
  <div
    class="progress-dashboard-card"
  >
    <div
      class="progress-dashboard-header"
    >
      <div
        class="progress-status-badge-container"
      >
        <span
          class="progress-status-dot dot-idle"
        />
        <span
          class="progress-status-label"
        >
          Ready to Extract
        </span>
      </div>
      <div
        class="progress-percentage-label"
      >
        30%
      </div>
    </div>
    <div
      class="progress-content-body"
    >
      <h4
        class="progress-active-task-title"
      >
        Current Action
      </h4>
      <p
        class="progress-active-task-desc"
      >
        Navigating and searching Google Maps for "Bakery in Mumbai"...
      </p>
      <div
        class="premium-progress-track"
      >
        <div
          class="premium-progress-fill fill-idle "
          style="width: 30%;"
        />
      </div>
    </div>
    <div
      class="progress-footer-metrics"
    >
      <div
        class="metric-box"
      >
        <span
          class="metric-label"
        >
          Items Extracted
        </span>
        <span
          class="metric-value"
        >
          0
        </span>
      </div>
      <div
        class="metric-box"
      >
        <span
          class="metric-label"
        >
          Execution Status
        </span>
        <span
          class="metric-value"
        >
          IDLE
        </span>
      </div>
    </div>
  </div>
</DocumentFragment>
`;
